// Jest Snapshot v1, https://goo.gl/fbAQLP

exports[`renders CharacterList correctly 1`] = `
<DocumentFragment>
  <a
    data-testid="1"
    href="/1"
  >
    <div
      class="sc-a7af3068-0 kuWxYq"
    >
      <div
        class="sc-a7af3068-1 mxHPK"
      >
        <img
          alt="Name"
          data-nimg="1"
          decoding="async"
          height="100"
          loading="lazy"
          src="/_next/image?url=http%3A%2F%2Fi.annihil.us%2Fu%2Fprod%2Fmarvel%2Fi%2Fmg%2Fc%2Fe0%2F535fecbbb9784.jpg&w=256&q=100"
          srcset="/_next/image?url=http%3A%2F%2Fi.annihil.us%2Fu%2Fprod%2Fmarvel%2Fi%2Fmg%2Fc%2Fe0%2F535fecbbb9784.jpg&w=128&q=100 1x, /_next/image?url=http%3A%2F%2Fi.annihil.us%2Fu%2Fprod%2Fmarvel%2Fi%2Fmg%2Fc%2Fe0%2F535fecbbb9784.jpg&w=256&q=100 2x"
          style="color: transparent; width: 100%; height: 100%; object-fit: cover; border-top-left-radius: 6px; border-top-right-radius: 6px;"
          width="100"
        />
      </div>
      <h4
        class="sc-a7af3068-2 iplHcB"
      >
        Name
      </h4>
    </div>
  </a>
</DocumentFragment>
`;
